// Jest Snapshot v1, https://goo.gl/fbAQLP

exports[`Title Should match snapshot 1`] = `
<div>
  <h3>
    Test
  </h3>
</div>
`;
